ABPASS                          = $3032 ; addr, local, , msbasic_asm, CODE_BASIC, msbasic.asm:2408
ABPASSP                         = $200F ; addr, local, , msbasic_asm, CODE_BASIC, msbasic.asm:135
ABS                             = $367E ; addr, local, , msbasic_asm, CODE_BASIC, msbasic.asm:3431
ACCSUM                          = $289B ; addr, local, , msbasic_asm, CODE_BASIC, msbasic.asm:1310
ACPASS                          = $3031 ; addr, local, , msbasic_asm, CODE_BASIC, msbasic.asm:2407
ADD301                          = $3BA9 ; addr, local, , msbasic_asm, CODE_BASIC, msbasic.asm:4195
ADD30                           = $3B99 ; addr, local, , msbasic_asm, CODE_BASIC, msbasic.asm:4184
ADDEXP                          = $3617 ; addr, local, , msbasic_asm, CODE_BASIC, msbasic.asm:3366
ADDIG                           = $37BD ; addr, local, , msbasic_asm, CODE_BASIC, msbasic.asm:3654
ADDPHL                          = $3404 ; addr, local, , msbasic_asm, CODE_BASIC, msbasic.asm:3013
ALLFOL                          = $3300 ; addr, local, , msbasic_asm, CODE_BASIC, msbasic.asm:2855
ANTVLU                          = $2B9B ; addr, local, , msbasic_asm, CODE_BASIC, msbasic.asm:1717
ARET                            = $3B0E ; addr, local, , msbasic_asm, CODE_BASIC, msbasic.asm:4094
ARETN                           = $3C66 ; addr, local, , msbasic_asm, CODE_BASIC, msbasic.asm:4330
ARLDSV                          = $2F52 ; addr, local, , msbasic_asm, CODE_BASIC, msbasic.asm:2263
ARRLP                           = $31CB ; addr, local, , msbasic_asm, CODE_BASIC, msbasic.asm:2646
ASC                             = $32D1 ; addr, local, , msbasic_asm, CODE_BASIC, msbasic.asm:2825
ASCTFP                          = $3760 ; addr, local, , msbasic_asm, CODE_BASIC, msbasic.asm:3600
ASPCS                           = $2AFD ; addr, local, , msbasic_asm, CODE_BASIC, msbasic.asm:1640
ATN1                            = $3ADF ; addr, local, , msbasic_asm, CODE_BASIC, msbasic.asm:4077
ATN                             = $3AC2 ; addr, local, , msbasic_asm, CODE_BASIC, msbasic.asm:4065
ATNTAB                          = $3AE9 ; addr, local, , msbasic_asm, CODE_BASIC, msbasic.asm:4082
ATOH                            = $28D6 ; addr, local, , msbasic_asm, CODE_BASIC, msbasic.asm:1343
BADINP                          = $2B22 ; addr, local, , msbasic_asm, CODE_BASIC, msbasic.asm:1652
BAKSTK                          = $235C ; addr, local, , msbasic_asm, CODE_BASIC, msbasic.asm:521
BAKTMP                          = $32B1 ; addr, local, , msbasic_asm, CODE_BASIC, msbasic.asm:2803
BCDEFP                          = $36A5 ; addr, local, , msbasic_asm, CODE_BASIC, msbasic.asm:3458
BFREE                           = $20AD ; addr, local, , msbasic_asm, CODE_BASIC, msbasic.asm:220
BIN2                            = $3BF1 ; addr, local, , msbasic_asm, CODE_BASIC, msbasic.asm:4246
BIN                             = $3BEB ; addr, local, , msbasic_asm, CODE_BASIC, msbasic.asm:4244
BINERR                          = $3C48 ; addr, local, , msbasic_asm, CODE_BASIC, msbasic.asm:4307
BINIT                           = $3C27 ; addr, local, , msbasic_asm, CODE_BASIC, msbasic.asm:4282
BINTFP                          = $3C1D ; addr, local, , msbasic_asm, CODE_BASIC, msbasic.asm:4278
BITOUT2                         = $3C09 ; addr, local, , msbasic_asm, CODE_BASIC, msbasic.asm:4261
BITOUT                          = $3C05 ; addr, local, , msbasic_asm, CODE_BASIC, msbasic.asm:4258
BNORM                           = $3464 ; addr, local, , msbasic_asm, CODE_BASIC, msbasic.asm:3072
BNRMLP                          = $3467 ; addr, local, , msbasic_asm, CODE_BASIC, msbasic.asm:3075
BRK                             = $284D ; addr, local, , msbasic_asm, CODE_BASIC, msbasic.asm:1265
BRKMSG                          = $2356 ; addr, local, , msbasic_asm, CODE_BASIC, msbasic.asm:519
BRKRET                          = $20A7 ; addr, local, , msbasic_asm, CODE_BASIC, msbasic.asm:217
BSERR                           = $2F85 ; addr, local, , msbasic_asm, CODE_BASIC, msbasic.asm:2294
BYT2ASC                         = $3B90 ; addr, local, , msbasic_asm, CODE_BASIC, msbasic.asm:4179
BYTSFT                          = $359C ; addr, local, , msbasic_asm, CODE_BASIC, msbasic.asm:3283
CFEVAL                          = $2EE8 ; addr, local, , msbasic_asm, CODE_BASIC, msbasic.asm:2194
CHARTY                          = $2E96 ; addr, local, , msbasic_asm, CODE_BASIC, msbasic.asm:2150
CHEKFN                          = $30C9 ; addr, local, , msbasic_asm, CODE_BASIC, msbasic.asm:2499
CHKBIN                          = $3C3A ; addr, local, , msbasic_asm, CODE_BASIC, msbasic.asm:4297
CHKLTR                          = $28A8 ; addr, local, , msbasic_asm, CODE_BASIC, msbasic.asm:1319
CHKSTK                          = $2390 ; addr, local, , msbasic_asm, CODE_BASIC, msbasic.asm:558
CHKSYN                          = $2681 ; addr, local, , msbasic_asm, CODE_BASIC, msbasic.asm:992
CHKTYP                          = $2C7C ; addr, local, , msbasic_asm, CODE_BASIC, msbasic.asm:1832
CHR                             = $32E2 ; addr, local, , msbasic_asm, CODE_BASIC, msbasic.asm:2837
CLEAR                           = $28FB ; addr, local, , msbasic_asm, CODE_BASIC, msbasic.asm:1367
CLOTST                          = $26B6 ; addr, local, , msbasic_asm, CODE_BASIC, msbasic.asm:1024
CLREG                           = $24E5 ; addr, local, , msbasic_asm, CODE_BASIC, msbasic.asm:764
CLRPTR                          = $24C0 ; addr, local, , msbasic_asm, CODE_BASIC, msbasic.asm:744
CLS                             = $3B12 ; addr, local, , msbasic_asm, CODE_BASIC, msbasic.asm:4098
CMPFP                           = $36EE ; addr, local, , msbasic_asm, CODE_BASIC, msbasic.asm:3516
CMPLG1                          = $2DFC ; addr, local, , msbasic_asm, CODE_BASIC, msbasic.asm:2056
CMPLOG                          = $2DFA ; addr, local, , msbasic_asm, CODE_BASIC, msbasic.asm:2055
CMPNUM                          = $36D4 ; addr, local, , msbasic_asm, CODE_BASIC, msbasic.asm:3499
CMPRES                          = $2E3E ; addr, local, , msbasic_asm, CODE_BASIC, msbasic.asm:2104
CMPSTR                          = $2E26 ; addr, local, , msbasic_asm, CODE_BASIC, msbasic.asm:2084
CNVNUM                          = $376C ; addr, local, , msbasic_asm, CODE_BASIC, msbasic.asm:3606
COLD                            = $2000 ; addr, local, , msbasic_asm, CODE_BASIC, msbasic.asm:123
COMPL                           = $34C4 ; addr, local, , msbasic_asm, CODE_BASIC, msbasic.asm:3146
CONCAT                          = $3246 ; addr, local, , msbasic_asm, CODE_BASIC, msbasic.asm:2736
CONEXP                          = $379C ; addr, local, , msbasic_asm, CODE_BASIC, msbasic.asm:3630
CONPOS                          = $3461 ; addr, local, , msbasic_asm, CODE_BASIC, msbasic.asm:3070
CONT                            = $2880 ; addr, local, , msbasic_asm, CODE_BASIC, msbasic.asm:1293
CONVAR                          = $2D67 ; addr, local, , msbasic_asm, CODE_BASIC, msbasic.asm:1956
COPY                            = $2020 ; addr, local, , msbasic_asm, CODE_BASIC, msbasic.asm:146
COS                             = $3A46 ; addr, local, , msbasic_asm, CODE_BASIC, msbasic.asm:4013
COUNT                           = $2726 ; addr, local, , msbasic_asm, CODE_BASIC, msbasic.asm:1090
CPDEHL                          = $267B ; addr, local, , msbasic_asm, CODE_BASIC, msbasic.asm:985
CPYLIT                          = $25B7 ; addr, local, , msbasic_asm, CODE_BASIC, msbasic.asm:882
CRARLP                          = $2FA5 ; addr, local, , msbasic_asm, CODE_BASIC, msbasic.asm:2314
CREARY                          = $2F8A ; addr, local, , msbasic_asm, CODE_BASIC, msbasic.asm:2297
CRESTR                          = $29FA ; addr, local, , msbasic_asm, CODE_BASIC, msbasic.asm:1506
CRNCLP                          = $2518 ; addr, local, , msbasic_asm, CODE_BASIC, msbasic.asm:790
CRTMST                          = $3102 ; addr, local, , msbasic_asm, CODE_BASIC, msbasic.asm:2532
CRTST                           = $310E ; addr, local, , msbasic_asm, CODE_BASIC, msbasic.asm:2543
CRTSTE                          = $3124 ; addr, local, , msbasic_asm, CODE_BASIC, msbasic.asm:2557
CRUNCH                          = $250F ; addr, local, , msbasic_asm, CODE_BASIC, msbasic.asm:786
CSTART                          = $2011 ; addr, local, , msbasic_asm, CODE_BASIC, msbasic.asm:139
DATA                            = $29A1 ; addr, local, , msbasic_asm, CODE_BASIC, msbasic.asm:1458
DATSNR                          = $23AD ; addr, local, , msbasic_asm, CODE_BASIC, msbasic.asm:578
DCBCDE                          = $3725 ; addr, local, , msbasic_asm, CODE_BASIC, msbasic.asm:3559
DDERR                           = $23BC ; addr, local, , msbasic_asm, CODE_BASIC, msbasic.asm:586
DEEK                            = $3B36 ; addr, local, , msbasic_asm, CODE_BASIC, msbasic.asm:4119
DEF                             = $3046 ; addr, local, , msbasic_asm, CODE_BASIC, msbasic.asm:2420
DEFSIZ                          = $2FAD ; addr, local, , msbasic_asm, CODE_BASIC, msbasic.asm:2318
DEINT                           = $28BC ; addr, local, , msbasic_asm, CODE_BASIC, msbasic.asm:1330
DEINTP                          = $200D ; addr, local, , msbasic_asm, CODE_BASIC, msbasic.asm:133
DELCHR                          = $25E7 ; addr, local, , msbasic_asm, CODE_BASIC, msbasic.asm:912
DEPINT                          = $28B6 ; addr, local, , msbasic_asm, CODE_BASIC, msbasic.asm:1328
DETHL4                          = $36B4 ; addr, local, , msbasic_asm, CODE_BASIC, msbasic.asm:3470
DETHLB                          = $36B6 ; addr, local, , msbasic_asm, CODE_BASIC, msbasic.asm:3471
DIGTXT                          = $3866 ; addr, local, , msbasic_asm, CODE_BASIC, msbasic.asm:3752
DIM                             = $2E68 ; addr, local, , msbasic_asm, CODE_BASIC, msbasic.asm:2130
DIMRET                          = $2E5F ; addr, local, , msbasic_asm, CODE_BASIC, msbasic.asm:2125
DINPOS                          = $26B0 ; addr, local, , msbasic_asm, CODE_BASIC, msbasic.asm:1019
DIV10                           = $35A1 ; addr, local, , msbasic_asm, CODE_BASIC, msbasic.asm:3289
DIV                             = $35AD ; addr, local, , msbasic_asm, CODE_BASIC, msbasic.asm:3294
DIVLP                           = $35D4 ; addr, local, , msbasic_asm, CODE_BASIC, msbasic.asm:3318
DOAGN                           = $24FE ; addr, local, , msbasic_asm, CODE_BASIC, msbasic.asm:777
DOCOM                           = $2ACE ; addr, local, , msbasic_asm, CODE_BASIC, msbasic.asm:1616
DODEL                           = $25C7 ; addr, local, , msbasic_asm, CODE_BASIC, msbasic.asm:896
DOEBIT                          = $38A6 ; addr, local, , msbasic_asm, CODE_BASIC, msbasic.asm:3795
DOFN                            = $3073 ; addr, local, , msbasic_asm, CODE_BASIC, msbasic.asm:2448
DOKE                            = $3B41 ; addr, local, , msbasic_asm, CODE_BASIC, msbasic.asm:4127
DONULL                          = $2ABC ; addr, local, , msbasic_asm, CODE_BASIC, msbasic.asm:1605
DOSPC                           = $2AF8 ; addr, local, , msbasic_asm, CODE_BASIC, msbasic.asm:1637
DOTAB                           = $2AE5 ; addr, local, , msbasic_asm, CODE_BASIC, msbasic.asm:1627
DPOINT                          = $3798 ; addr, local, , msbasic_asm, CODE_BASIC, msbasic.asm:3628
DTSTR                           = $3112 ; addr, local, , msbasic_asm, CODE_BASIC, msbasic.asm:2546
DVBCDE                          = $35AF ; addr, local, , msbasic_asm, CODE_BASIC, msbasic.asm:3296
DZERR                           = $23B6 ; addr, local, , msbasic_asm, CODE_BASIC, msbasic.asm:582
ECHDEL                          = $25DB ; addr, local, , msbasic_asm, CODE_BASIC, msbasic.asm:905
EDIGIT                          = $37DF ; addr, local, , msbasic_asm, CODE_BASIC, msbasic.asm:3677
ENDBUF                          = $25BE ; addr, local, , msbasic_asm, CODE_BASIC, msbasic.asm:888
ENDCON                          = $37AB ; addr, local, , msbasic_asm, CODE_BASIC, msbasic.asm:3640
ENDDIM                          = $300C ; addr, local, , msbasic_asm, CODE_BASIC, msbasic.asm:2387
ENDINP                          = $2AAD ; addr, local, , msbasic_asm, CODE_BASIC, msbasic.asm:1599
ENDNAM                          = $2E8A ; addr, local, , msbasic_asm, CODE_BASIC, msbasic.asm:2146
ENDPRG                          = $285C ; addr, local, , msbasic_asm, CODE_BASIC, msbasic.asm:1276
ENFMEM                          = $2399 ; addr, local, , msbasic_asm, CODE_BASIC, msbasic.asm:564
ERRIN                           = $23E7 ; addr, local, , msbasic_asm, CODE_BASIC, msbasic.asm:607
ERRMSG                          = $2344 ; addr, local, , msbasic_asm, CODE_BASIC, msbasic.asm:515
ERROR                           = $23C7 ; addr, local, , msbasic_asm, CODE_BASIC, msbasic.asm:594
ERRORS                          = $22BA ; addr, local, , msbasic_asm, CODE_BASIC, msbasic.asm:444
EVAL1                           = $2C8C ; addr, local, , msbasic_asm, CODE_BASIC, msbasic.asm:1842
EVAL2                           = $2C95 ; addr, local, , msbasic_asm, CODE_BASIC, msbasic.asm:1846
EVAL3                           = $2C98 ; addr, local, , msbasic_asm, CODE_BASIC, msbasic.asm:1847
EVAL                            = $2C89 ; addr, local, , msbasic_asm, CODE_BASIC, msbasic.asm:1840
EVLPAR                          = $2D4E ; addr, local, , msbasic_asm, CODE_BASIC, msbasic.asm:1942
EVNOT                           = $2E48 ; addr, local, , msbasic_asm, CODE_BASIC, msbasic.asm:2112
EXCUTE                          = $27EB ; addr, local, , msbasic_asm, CODE_BASIC, msbasic.asm:1201
EXP                             = $3940 ; addr, local, , msbasic_asm, CODE_BASIC, msbasic.asm:3882
EXPLP                           = $378A ; addr, local, , msbasic_asm, CODE_BASIC, msbasic.asm:3620
EXPTAB                          = $3980 ; addr, local, , msbasic_asm, CODE_BASIC, msbasic.asm:3910
EXPTEN                          = $38B8 ; addr, local, , msbasic_asm, CODE_BASIC, msbasic.asm:3805
EXTIG                           = $2BF7 ; addr, local, , msbasic_asm, CODE_BASIC, msbasic.asm:1765
FANDT                           = $2C21 ; addr, local, , msbasic_asm, CODE_BASIC, msbasic.asm:1783
FCERR                           = $28D1 ; addr, local, , msbasic_asm, CODE_BASIC, msbasic.asm:1340
FDTLP                           = $2C08 ; addr, local, , msbasic_asm, CODE_BASIC, msbasic.asm:1767
FINDEL                          = $2FE8 ; addr, local, , msbasic_asm, CODE_BASIC, msbasic.asm:2359
FLGDIF                          = $3664 ; addr, local, , msbasic_asm, CODE_BASIC, msbasic.asm:3414
FLGREL                          = $366B ; addr, local, , msbasic_asm, CODE_BASIC, msbasic.asm:3420
FNCTAB                          = $2104 ; addr, local, , msbasic_asm, CODE_BASIC, msbasic.asm:230
FNDARY                          = $2F58 ; addr, local, , msbasic_asm, CODE_BASIC, msbasic.asm:2267
FNDELP                          = $2FED ; addr, local, , msbasic_asm, CODE_BASIC, msbasic.asm:2364
FNDEND                          = $2493 ; addr, local, , msbasic_asm, CODE_BASIC, msbasic.asm:707
FNDNUM                          = $33D5 ; addr, local, , msbasic_asm, CODE_BASIC, msbasic.asm:2987
FNDTOK                          = $2705 ; addr, local, , msbasic_asm, CODE_BASIC, msbasic.asm:1070
FNDVAR                          = $2ECF ; addr, local, , msbasic_asm, CODE_BASIC, msbasic.asm:2178
FNDWRD                          = $2542 ; addr, local, , msbasic_asm, CODE_BASIC, msbasic.asm:810
FNOFST                          = $2D78 ; addr, local, , msbasic_asm, CODE_BASIC, msbasic.asm:1966
FNTHR                           = $2EDD ; addr, local, , msbasic_asm, CODE_BASIC, msbasic.asm:2186
FNVAL                           = $2D9F ; addr, local, , msbasic_asm, CODE_BASIC, msbasic.asm:1988
FOPRND                          = $2CC1 ; addr, local, , msbasic_asm, CODE_BASIC, msbasic.asm:1868
FOR                             = $2752 ; addr, local, , msbasic_asm, CODE_BASIC, msbasic.asm:1112
FORFND                          = $2782 ; addr, local, , msbasic_asm, CODE_BASIC, msbasic.asm:1140
FORSLP                          = $2766 ; addr, local, , msbasic_asm, CODE_BASIC, msbasic.asm:1121
FPADD                           = $3413 ; addr, local, , msbasic_asm, CODE_BASIC, msbasic.asm:3021
FPBCDE                          = $369A ; addr, local, , msbasic_asm, CODE_BASIC, msbasic.asm:3450
FPINT                           = $3701 ; addr, local, , msbasic_asm, CODE_BASIC, msbasic.asm:3536
FPMULT                          = $354E ; addr, local, , msbasic_asm, CODE_BASIC, msbasic.asm:3232
FPROND                          = $34AB ; addr, local, , msbasic_asm, CODE_BASIC, msbasic.asm:3122
FPSINT                          = $28B0 ; addr, local, , msbasic_asm, CODE_BASIC, msbasic.asm:1326
FPTHL                           = $36B1 ; addr, local, , msbasic_asm, CODE_BASIC, msbasic.asm:3469
FRE                             = $3010 ; addr, local, , msbasic_asm, CODE_BASIC, msbasic.asm:2390
FRENUM                          = $302C ; addr, local, , msbasic_asm, CODE_BASIC, msbasic.asm:2402
FRMEVL                          = $2D6A ; addr, local, , msbasic_asm, CODE_BASIC, msbasic.asm:1957
GARBGE                          = $3193 ; addr, local, , msbasic_asm, CODE_BASIC, msbasic.asm:2619
GARBLP                          = $3196 ; addr, local, , msbasic_asm, CODE_BASIC, msbasic.asm:2620
GETCHR                          = $280B ; addr, local, , msbasic_asm, CODE_BASIC, msbasic.asm:1221
GETCMD                          = $240B ; addr, local, , msbasic_asm, CODE_BASIC, msbasic.asm:624
GETHEX                          = $3BC6 ; addr, local, , msbasic_asm, CODE_BASIC, msbasic.asm:4217
GETINP                          = $3B0F ; addr, local, , msbasic_asm, CODE_BASIC, msbasic.asm:4096
GETINT                          = $33D8 ; addr, local, , msbasic_asm, CODE_BASIC, msbasic.asm:2988
GETLEN                          = $32C6 ; addr, local, , msbasic_asm, CODE_BASIC, msbasic.asm:2817
GETLIN                          = $25F8 ; addr, local, , msbasic_asm, CODE_BASIC, msbasic.asm:920
GETLN                           = $28D7 ; addr, local, , msbasic_asm, CODE_BASIC, msbasic.asm:1344
GETNUM                          = $2C77 ; addr, local, , msbasic_asm, CODE_BASIC, msbasic.asm:1829
GETNXT                          = $255D ; addr, local, , msbasic_asm, CODE_BASIC, msbasic.asm:825
GETSTR                          = $3290 ; addr, local, , msbasic_asm, CODE_BASIC, msbasic.asm:2783
GETVAR                          = $2E6D ; addr, local, , msbasic_asm, CODE_BASIC, msbasic.asm:2133
GNXARY                          = $31CA ; addr, local, , msbasic_asm, CODE_BASIC, msbasic.asm:2645
GOFUNC                          = $2DA7 ; addr, local, , msbasic_asm, CODE_BASIC, msbasic.asm:1992
GOSUB                           = $294D ; addr, local, , msbasic_asm, CODE_BASIC, msbasic.asm:1409
GOTO                            = $295E ; addr, local, , msbasic_asm, CODE_BASIC, msbasic.asm:1421
GRBARY                          = $31EA ; addr, local, , msbasic_asm, CODE_BASIC, msbasic.asm:2664
GRBDON                          = $316B ; addr, local, , msbasic_asm, CODE_BASIC, msbasic.asm:2594
GRBLP                           = $31A4 ; addr, local, , msbasic_asm, CODE_BASIC, msbasic.asm:2626
GSTRCU                          = $3293 ; addr, local, , msbasic_asm, CODE_BASIC, msbasic.asm:2784
GSTRDE                          = $3297 ; addr, local, , msbasic_asm, CODE_BASIC, msbasic.asm:2786
GSTRHL                          = $3296 ; addr, local, , msbasic_asm, CODE_BASIC, msbasic.asm:2785
GTFLNM                          = $32D5 ; addr, local, , msbasic_asm, CODE_BASIC, msbasic.asm:2827
GTFNAM                          = $2E72 ; addr, local, , msbasic_asm, CODE_BASIC, msbasic.asm:2136
GTLNLP                          = $28DA ; addr, local, , msbasic_asm, CODE_BASIC, msbasic.asm:1345
GTSIXD                          = $3830 ; addr, local, , msbasic_asm, CODE_BASIC, msbasic.asm:3721
GTVLUS                          = $2B73 ; addr, local, , msbasic_asm, CODE_BASIC, msbasic.asm:1695
HALF                            = $38D7 ; addr, local, , msbasic_asm, CODE_BASIC, msbasic.asm:3826
HALFPI                          = $3A90 ; addr, local, , msbasic_asm, CODE_BASIC, msbasic.asm:4044
HEX1                            = $3B71 ; addr, local, , msbasic_asm, CODE_BASIC, msbasic.asm:4157
HEX2                            = $3B73 ; addr, local, , msbasic_asm, CODE_BASIC, msbasic.asm:4159
HEX3                            = $3B81 ; addr, local, , msbasic_asm, CODE_BASIC, msbasic.asm:4167
HEX4                            = $3B83 ; addr, local, , msbasic_asm, CODE_BASIC, msbasic.asm:4169
HEX                             = $3B58 ; addr, local, , msbasic_asm, CODE_BASIC, msbasic.asm:4144
HEXIT                           = $3BDD ; addr, local, , msbasic_asm, CODE_BASIC, msbasic.asm:4232
HEXLP1                          = $3BBE ; addr, local, , msbasic_asm, CODE_BASIC, msbasic.asm:4209
HEXLP                           = $3BB9 ; addr, local, , msbasic_asm, CODE_BASIC, msbasic.asm:4207
HEXTFP                          = $3BAD ; addr, local, , msbasic_asm, CODE_BASIC, msbasic.asm:4202
HXERR                           = $3BE6 ; addr, local, , msbasic_asm, CODE_BASIC, msbasic.asm:4240
IDTEST                          = $30BB ; addr, local, , msbasic_asm, CODE_BASIC, msbasic.asm:2489
IF                              = $2A30 ; addr, local, , msbasic_asm, CODE_BASIC, msbasic.asm:1539
IFGO                            = $2A3E ; addr, local, , msbasic_asm, CODE_BASIC, msbasic.asm:1546
IFJMP                           = $27F2 ; addr, local, , msbasic_asm, CODE_BASIC, msbasic.asm:1204
INCHL                           = $36AF ; addr, local, , msbasic_asm, CODE_BASIC, msbasic.asm:3466
INCLEN                          = $26AC ; addr, local, , msbasic_asm, CODE_BASIC, msbasic.asm:1017
INDFND                          = $2376 ; addr, local, , msbasic_asm, CODE_BASIC, msbasic.asm:540
INEWLN                          = $245B ; addr, local, , msbasic_asm, CODE_BASIC, msbasic.asm:667
INIT                            = $2018 ; addr, local, , msbasic_asm, CODE_BASIC, msbasic.asm:143
INITAB                          = $22E4 ; addr, local, , msbasic_asm, CODE_BASIC, msbasic.asm:468
INITBE                          = $2344 ; addr, local, , msbasic_asm, CODE_BASIC, msbasic.asm:511
INITST                          = $3C5E ; addr, local, , msbasic_asm, CODE_BASIC, msbasic.asm:4326
INMSG                           = $234B ; addr, local, , msbasic_asm, CODE_BASIC, msbasic.asm:516
INP                             = $3395 ; addr, local, , msbasic_asm, CODE_BASIC, msbasic.asm:2956
INPBIN                          = $2BC5 ; addr, local, , msbasic_asm, CODE_BASIC, msbasic.asm:1739
INPBRK                          = $2859 ; addr, local, , msbasic_asm, CODE_BASIC, msbasic.asm:1274
INPUT                           = $2B33 ; addr, local, , msbasic_asm, CODE_BASIC, msbasic.asm:1660
INRNG                           = $3839 ; addr, local, , msbasic_asm, CODE_BASIC, msbasic.asm:3726
INT                             = $372C ; addr, local, , msbasic_asm, CODE_BASIC, msbasic.asm:3567
INTVAR                          = $24CF ; addr, local, , msbasic_asm, CODE_BASIC, msbasic.asm:755
INVSGN                          = $3682 ; addr, local, , msbasic_asm, CODE_BASIC, msbasic.asm:3433
ITMSEP                          = $2BB6 ; addr, local, , msbasic_asm, CODE_BASIC, msbasic.asm:1730
JJUMP1                          = $3C4D ; addr, local, , msbasic_asm, CODE_BASIC, msbasic.asm:4311
JSTZER                          = $38C2 ; addr, local, , msbasic_asm, CODE_BASIC, msbasic.asm:3811
KILFOR                          = $2C67 ; addr, local, , msbasic_asm, CODE_BASIC, msbasic.asm:1820
KILIN                           = $25F2 ; addr, local, , msbasic_asm, CODE_BASIC, msbasic.asm:917
LEFT                            = $32F2 ; addr, local, , msbasic_asm, CODE_BASIC, msbasic.asm:2845
LEN                             = $32C2 ; addr, local, , msbasic_asm, CODE_BASIC, msbasic.asm:2815
LET                             = $29B8 ; addr, local, , msbasic_asm, CODE_BASIC, msbasic.asm:1474
LETNUM                          = $2A0B ; addr, local, , msbasic_asm, CODE_BASIC, msbasic.asm:1516
LETSTR                          = $29D3 ; addr, local, , msbasic_asm, CODE_BASIC, msbasic.asm:1487
LFRGNM                          = $338B ; addr, local, , msbasic_asm, CODE_BASIC, msbasic.asm:2947
LINEIN                          = $37EB ; addr, local, , msbasic_asm, CODE_BASIC, msbasic.asm:3687
LINES                           = $3B1F ; addr, local, , msbasic_asm, CODE_BASIC, msbasic.asm:4107
LINES_NZ                        = $3B2D ; addr, local, , msbasic_asm, CODE_BASIC, msbasic.asm:4114
LINFND                          = $2444 ; addr, local, , msbasic_asm, CODE_BASIC, msbasic.asm:653
LIST                            = $26C7 ; addr, local, , msbasic_asm, CODE_BASIC, msbasic.asm:1034
LISTLP                          = $26D3 ; addr, local, , msbasic_asm, CODE_BASIC, msbasic.asm:1040
LOADFP                          = $36A8 ; addr, local, , msbasic_asm, CODE_BASIC, msbasic.asm:3459
LOG                             = $350D ; addr, local, , msbasic_asm, CODE_BASIC, msbasic.asm:3200
LOGTAB                          = $3500 ; addr, local, , msbasic_asm, CODE_BASIC, msbasic.asm:3195
LOKFOR                          = $2360 ; addr, local, , msbasic_asm, CODE_BASIC, msbasic.asm:523
LSTLP2                          = $26F3 ; addr, local, , msbasic_asm, CODE_BASIC, msbasic.asm:1061
LSTLP3                          = $26F6 ; addr, local, , msbasic_asm, CODE_BASIC, msbasic.asm:1062
LTSTND                          = $2BD0 ; addr, local, , msbasic_asm, CODE_BASIC, msbasic.asm:1744
MAKINT                          = $33DB ; addr, local, , msbasic_asm, CODE_BASIC, msbasic.asm:2989
MAKNUM                          = $3855 ; addr, local, , msbasic_asm, CODE_BASIC, msbasic.asm:3741
MANLP                           = $3774 ; addr, local, , msbasic_asm, CODE_BASIC, msbasic.asm:3612
MATCH                           = $258F ; addr, local, , msbasic_asm, CODE_BASIC, msbasic.asm:857
MEMMSG                          = $20F9 ; addr, local, , msbasic_asm, CODE_BASIC, msbasic.asm:226
MID1                            = $32F8 ; addr, local, , msbasic_asm, CODE_BASIC, msbasic.asm:2849
MID                             = $332C ; addr, local, , msbasic_asm, CODE_BASIC, msbasic.asm:2885
MIDNUM                          = $3390 ; addr, local, , msbasic_asm, CODE_BASIC, msbasic.asm:2950
MINCDE                          = $3453 ; addr, local, , msbasic_asm, CODE_BASIC, msbasic.asm:3056
MINUS                           = $2D56 ; addr, local, , msbasic_asm, CODE_BASIC, msbasic.asm:1947
MKTMST                          = $30FF ; addr, local, , msbasic_asm, CODE_BASIC, msbasic.asm:2531
MLDBLP                          = $374D ; addr, local, , msbasic_asm, CODE_BASIC, msbasic.asm:3588
MLDEBC                          = $3745 ; addr, local, , msbasic_asm, CODE_BASIC, msbasic.asm:3583
MLOOP                           = $2048 ; addr, local, , msbasic_asm, CODE_BASIC, msbasic.asm:164
MLSP10                          = $3642 ; addr, local, , msbasic_asm, CODE_BASIC, msbasic.asm:3394
MONITR                          = $3C5B ; addr, local, , msbasic_asm, CODE_BASIC, msbasic.asm:4322
MONOUT                          = $3C54 ; addr, local, , msbasic_asm, CODE_BASIC, msbasic.asm:4315
MORDT                           = $2BDC ; addr, local, , msbasic_asm, CODE_BASIC, msbasic.asm:1749
MORINP                          = $2601 ; addr, local, , msbasic_asm, CODE_BASIC, msbasic.asm:925
MOVBUF                          = $247A ; addr, local, , msbasic_asm, CODE_BASIC, msbasic.asm:688
MOVDIR                          = $2597 ; addr, local, , msbasic_asm, CODE_BASIC, msbasic.asm:865
MOVLP                           = $2385 ; addr, local, , msbasic_asm, CODE_BASIC, msbasic.asm:550
MOVSTR                          = $2382 ; addr, local, , msbasic_asm, CODE_BASIC, msbasic.asm:547
MOVUP                           = $237F ; addr, local, , msbasic_asm, CODE_BASIC, msbasic.asm:546
MRPRNT                          = $2A50 ; addr, local, , msbasic_asm, CODE_BASIC, msbasic.asm:1553
MSIZE                           = $2035 ; addr, local, , msbasic_asm, CODE_BASIC, msbasic.asm:157
MUL8LP                          = $3579 ; addr, local, , msbasic_asm, CODE_BASIC, msbasic.asm:3255
MULLN2                          = $3545 ; addr, local, , msbasic_asm, CODE_BASIC, msbasic.asm:3226
MULT8                           = $3570 ; addr, local, , msbasic_asm, CODE_BASIC, msbasic.asm:3249
MULT                            = $354C ; addr, local, , msbasic_asm, CODE_BASIC, msbasic.asm:3230
MULTEN                          = $37B6 ; addr, local, , msbasic_asm, CODE_BASIC, msbasic.asm:3648
MVSTPT                          = $2A02 ; addr, local, , msbasic_asm, CODE_BASIC, msbasic.asm:1510
NEDMOR                          = $2B6F ; addr, local, , msbasic_asm, CODE_BASIC, msbasic.asm:1693
NEGAFT                          = $38ED ; addr, local, , msbasic_asm, CODE_BASIC, msbasic.asm:3835
NEW                             = $24BF ; addr, local, , msbasic_asm, CODE_BASIC, msbasic.asm:743
NEXITM                          = $2B08 ; addr, local, , msbasic_asm, CODE_BASIC, msbasic.asm:1646
NEXT1                           = $2C2F ; addr, local, , msbasic_asm, CODE_BASIC, msbasic.asm:1789
NEXT                            = $2C2C ; addr, local, , msbasic_asm, CODE_BASIC, msbasic.asm:1788
NFERR                           = $23B9 ; addr, local, , msbasic_asm, CODE_BASIC, msbasic.asm:584
NOCHNG                          = $2587 ; addr, local, , msbasic_asm, CODE_BASIC, msbasic.asm:852
NOENED                          = $38C5 ; addr, local, , msbasic_asm, CODE_BASIC, msbasic.asm:3814
NOLIN                           = $286F ; addr, local, , msbasic_asm, CODE_BASIC, msbasic.asm:1285
NOMADD                          = $358A ; addr, local, , msbasic_asm, CODE_BASIC, msbasic.asm:3266
NOMLAD                          = $375B ; addr, local, , msbasic_asm, CODE_BASIC, msbasic.asm:3596
NOPMPT                          = $2B4D ; addr, local, , msbasic_asm, CODE_BASIC, msbasic.asm:1672
NORMAL                          = $347E ; addr, local, , msbasic_asm, CODE_BASIC, msbasic.asm:3091
NOSPC                           = $257E ; addr, local, , msbasic_asm, CODE_BASIC, msbasic.asm:847
NOSUB7                          = $3BD9 ; addr, local, , msbasic_asm, CODE_BASIC, msbasic.asm:4228
NOSWAP                          = $342D ; addr, local, , msbasic_asm, CODE_BASIC, msbasic.asm:3037
NOTAMP                          = $2D2B ; addr, local, , msbasic_asm, CODE_BASIC, msbasic.asm:1928
NOTSTR                          = $2EA5 ; addr, local, , msbasic_asm, CODE_BASIC, msbasic.asm:2158
NOXOR                           = $33BB ; addr, local, , msbasic_asm, CODE_BASIC, msbasic.asm:2973
NSCFOR                          = $2EB5 ; addr, local, , msbasic_asm, CODE_BASIC, msbasic.asm:2166
NULL                            = $2893 ; addr, local, , msbasic_asm, CODE_BASIC, msbasic.asm:1304
NULLP                           = $2AC3 ; addr, local, , msbasic_asm, CODE_BASIC, msbasic.asm:1608
NUMASC                          = $37FE ; addr, local, , msbasic_asm, CODE_BASIC, msbasic.asm:3697
NXTARY                          = $2F6C ; addr, local, , msbasic_asm, CODE_BASIC, msbasic.asm:2279
NXTBYT                          = $256D ; addr, local, , msbasic_asm, CODE_BASIC, msbasic.asm:837
NXTCHR                          = $25AE ; addr, local, , msbasic_asm, CODE_BASIC, msbasic.asm:877
NXTDTA                          = $29A0 ; addr, local, , msbasic_asm, CODE_BASIC, msbasic.asm:1456
NXTITM                          = $2B67 ; addr, local, , msbasic_asm, CODE_BASIC, msbasic.asm:1688
NXTSTL                          = $29A7 ; addr, local, , msbasic_asm, CODE_BASIC, msbasic.asm:1461
NXTSTT                          = $29AA ; addr, local, , msbasic_asm, CODE_BASIC, msbasic.asm:1464
OKMSG                           = $2350 ; addr, local, , msbasic_asm, CODE_BASIC, msbasic.asm:518
OMERR                           = $23A8 ; addr, local, , msbasic_asm, CODE_BASIC, msbasic.asm:575
ON                              = $2A12 ; addr, local, , msbasic_asm, CODE_BASIC, msbasic.asm:1522
ONGO                            = $2A21 ; addr, local, , msbasic_asm, CODE_BASIC, msbasic.asm:1530
ONGOLP                          = $2A22 ; addr, local, , msbasic_asm, CODE_BASIC, msbasic.asm:1531
ONJMP                           = $27F3 ; addr, local, , msbasic_asm, CODE_BASIC, msbasic.asm:1205
OPNPAR                          = $2C85 ; addr, local, , msbasic_asm, CODE_BASIC, msbasic.asm:1838
OPRND                           = $2D00 ; addr, local, , msbasic_asm, CODE_BASIC, msbasic.asm:1911
OTKLN                           = $25EF ; addr, local, , msbasic_asm, CODE_BASIC, msbasic.asm:916
OUTC                            = $268C ; addr, local, , msbasic_asm, CODE_BASIC, msbasic.asm:1000
OUTEXP                          = $38B6 ; addr, local, , msbasic_asm, CODE_BASIC, msbasic.asm:3804
OUTIT                           = $266D ; addr, local, , msbasic_asm, CODE_BASIC, msbasic.asm:978
OUTNBS                          = $2673 ; addr, local, , msbasic_asm, CODE_BASIC, msbasic.asm:981
OUTNCR                          = $3C6F ; addr, local, , msbasic_asm, CODE_BASIC, msbasic.asm:4340
OUTWRD                          = $270F ; addr, local, , msbasic_asm, CODE_BASIC, msbasic.asm:1076
OVERR                           = $23C2 ; addr, local, , msbasic_asm, CODE_BASIC, msbasic.asm:590
OVTST1                          = $3635 ; addr, local, , msbasic_asm, CODE_BASIC, msbasic.asm:3386
OVTST2                          = $363A ; addr, local, , msbasic_asm, CODE_BASIC, msbasic.asm:3389
OVTST3                          = $363B ; addr, local, , msbasic_asm, CODE_BASIC, msbasic.asm:3390
PADD                            = $37DA ; addr, local, , msbasic_asm, CODE_BASIC, msbasic.asm:3673
PAND                            = $2DC1 ; addr, local, , msbasic_asm, CODE_BASIC, msbasic.asm:2014
PASSA                           = $3041 ; addr, local, , msbasic_asm, CODE_BASIC, msbasic.asm:2416
PEEK                            = $33E9 ; addr, local, , msbasic_asm, CODE_BASIC, msbasic.asm:2998
PEND                            = $2854 ; addr, local, , msbasic_asm, CODE_BASIC, msbasic.asm:1271
PHLTFP                          = $3697 ; addr, local, , msbasic_asm, CODE_BASIC, msbasic.asm:3449
PLUCDE                          = $34B8 ; addr, local, , msbasic_asm, CODE_BASIC, msbasic.asm:3133
PNORM                           = $3486 ; addr, local, , msbasic_asm, CODE_BASIC, msbasic.asm:3099
POKE                            = $33F0 ; addr, local, , msbasic_asm, CODE_BASIC, msbasic.asm:3002
POPAF                           = $3185 ; addr, local, , msbasic_asm, CODE_BASIC, msbasic.asm:2609
POPHL                           = $32AF ; addr, local, , msbasic_asm, CODE_BASIC, msbasic.asm:2800
POPHRT                          = $359A ; addr, local, , msbasic_asm, CODE_BASIC, msbasic.asm:3280
POPNOK                          = $23FD ; addr, local, , msbasic_asm, CODE_BASIC, msbasic.asm:617
POR1                            = $2DE3 ; addr, local, , msbasic_asm, CODE_BASIC, msbasic.asm:2037
POR                             = $2DC0 ; addr, local, , msbasic_asm, CODE_BASIC, msbasic.asm:2013
POS                             = $303E ; addr, local, , msbasic_asm, CODE_BASIC, msbasic.asm:2415
POSINT                          = $28B3 ; addr, local, , msbasic_asm, CODE_BASIC, msbasic.asm:1327
POUT                            = $33A1 ; addr, local, , msbasic_asm, CODE_BASIC, msbasic.asm:2961
POWER1                          = $390B ; addr, local, , msbasic_asm, CODE_BASIC, msbasic.asm:3851
POWER2                          = $3928 ; addr, local, , msbasic_asm, CODE_BASIC, msbasic.asm:3869
POWER                           = $38FB ; addr, local, , msbasic_asm, CODE_BASIC, msbasic.asm:3843
POWERS                          = $38DB ; addr, local, , msbasic_asm, CODE_BASIC, msbasic.asm:3828
PRINT                           = $2A54 ; addr, local, , msbasic_asm, CODE_BASIC, msbasic.asm:1555
PRITAB                          = $22A5 ; addr, local, , msbasic_asm, CODE_BASIC, msbasic.asm:421
PRNTCRLF                        = $2AB2 ; addr, local, , msbasic_asm, CODE_BASIC, msbasic.asm:1601
PRNTHL                          = $37F3 ; addr, local, , msbasic_asm, CODE_BASIC, msbasic.asm:3691
PRNTLP                          = $2A57 ; addr, local, , msbasic_asm, CODE_BASIC, msbasic.asm:1556
PRNTNB                          = $2A9A ; addr, local, , msbasic_asm, CODE_BASIC, msbasic.asm:1588
PRNTOK                          = $23FE ; addr, local, , msbasic_asm, CODE_BASIC, msbasic.asm:619
PRNTST                          = $2A9E ; addr, local, , msbasic_asm, CODE_BASIC, msbasic.asm:1590
PRNUMS                          = $314F ; addr, local, , msbasic_asm, CODE_BASIC, msbasic.asm:2578
PROCES                          = $261A ; addr, local, , msbasic_asm, CODE_BASIC, msbasic.asm:936
PROMPT                          = $2502 ; addr, local, , msbasic_asm, CODE_BASIC, msbasic.asm:780
PRS1                            = $3153 ; addr, local, , msbasic_asm, CODE_BASIC, msbasic.asm:2580
PRS                             = $3150 ; addr, local, , msbasic_asm, CODE_BASIC, msbasic.asm:2579
PRSLP                           = $315A ; addr, local, , msbasic_asm, CODE_BASIC, msbasic.asm:2583
PSUB                            = $340E ; addr, local, , msbasic_asm, CODE_BASIC, msbasic.asm:3018
PTRLP                           = $2487 ; addr, local, , msbasic_asm, CODE_BASIC, msbasic.asm:697
PUTBUF                          = $2659 ; addr, local, , msbasic_asm, CODE_BASIC, msbasic.asm:967
PUTCTL                          = $265E ; addr, local, , msbasic_asm, CODE_BASIC, msbasic.asm:969
PUTFID                          = $27C7 ; addr, local, , msbasic_asm, CODE_BASIC, msbasic.asm:1178
QTSTLP                          = $3115 ; addr, local, , msbasic_asm, CODE_BASIC, msbasic.asm:2548
QTSTR                           = $310F ; addr, local, , msbasic_asm, CODE_BASIC, msbasic.asm:2544
QUARTR                          = $3A94 ; addr, local, , msbasic_asm, CODE_BASIC, msbasic.asm:4046
READ                            = $2B62 ; addr, local, , msbasic_asm, CODE_BASIC, msbasic.asm:1685
REDO                            = $2B0F ; addr, local, , msbasic_asm, CODE_BASIC, msbasic.asm:1650
REM                             = $29A3 ; addr, local, , msbasic_asm, CODE_BASIC, msbasic.asm:1459
RESDIV                          = $35E7 ; addr, local, , msbasic_asm, CODE_BASIC, msbasic.asm:3331
RESEED                          = $3A32 ; addr, local, , msbasic_asm, CODE_BASIC, msbasic.asm:4002
RESTNL                          = $2830 ; addr, local, , msbasic_asm, CODE_BASIC, msbasic.asm:1244
RESTOR                          = $281B ; addr, local, , msbasic_asm, CODE_BASIC, msbasic.asm:1233
RESZER                          = $3479 ; addr, local, , msbasic_asm, CODE_BASIC, msbasic.asm:3087
RETADR                          = $2F1C ; addr, local, , msbasic_asm, CODE_BASIC, msbasic.asm:2226
RETINT                          = $3670 ; addr, local, , msbasic_asm, CODE_BASIC, msbasic.asm:3422
RETLIN                          = $299B ; addr, local, , msbasic_asm, CODE_BASIC, msbasic.asm:1453
RETNAD                          = $2593 ; addr, local, , msbasic_asm, CODE_BASIC, msbasic.asm:861
RETNUL                          = $2F1F ; addr, local, , msbasic_asm, CODE_BASIC, msbasic.asm:2230
RETNUM                          = $2D62 ; addr, local, , msbasic_asm, CODE_BASIC, msbasic.asm:1952
RETREL                          = $3662 ; addr, local, , msbasic_asm, CODE_BASIC, msbasic.asm:3412
RETURN                          = $297C ; addr, local, , msbasic_asm, CODE_BASIC, msbasic.asm:1437
RIGHT1                          = $32F6 ; addr, local, , msbasic_asm, CODE_BASIC, msbasic.asm:2847
RIGHT                           = $3322 ; addr, local, , msbasic_asm, CODE_BASIC, msbasic.asm:2878
RLTLP                           = $2CA5 ; addr, local, , msbasic_asm, CODE_BASIC, msbasic.asm:1854
RND1                            = $3A0D ; addr, local, , msbasic_asm, CODE_BASIC, msbasic.asm:3980
RND2                            = $3A29 ; addr, local, , msbasic_asm, CODE_BASIC, msbasic.asm:3998
RND                             = $39D1 ; addr, local, , msbasic_asm, CODE_BASIC, msbasic.asm:3949
RNDTAB                          = $3A3A ; addr, local, , msbasic_asm, CODE_BASIC, msbasic.asm:4009
RNGTST                          = $38C8 ; addr, local, , msbasic_asm, CODE_BASIC, msbasic.asm:3818
RONDB                           = $349A ; addr, local, , msbasic_asm, CODE_BASIC, msbasic.asm:3111
RONDUP                          = $3499 ; addr, local, , msbasic_asm, CODE_BASIC, msbasic.asm:3110
ROUND                           = $3401 ; addr, local, , msbasic_asm, CODE_BASIC, msbasic.asm:3012
RSCALE                          = $37D4 ; addr, local, , msbasic_asm, CODE_BASIC, msbasic.asm:3671
RSLNBK                          = $2749 ; addr, local, , msbasic_asm, CODE_BASIC, msbasic.asm:1108
RSTSTR                          = $3345 ; addr, local, , msbasic_asm, CODE_BASIC, msbasic.asm:2898
RUN                             = $2941 ; addr, local, , msbasic_asm, CODE_BASIC, msbasic.asm:1404
RUNCNT                          = $27CB ; addr, local, , msbasic_asm, CODE_BASIC, msbasic.asm:1182
RUNFST                          = $24CB ; addr, local, , msbasic_asm, CODE_BASIC, msbasic.asm:752
RUNLIN                          = $295D ; addr, local, , msbasic_asm, CODE_BASIC, msbasic.asm:1420
SAVEXP                          = $347A ; addr, local, , msbasic_asm, CODE_BASIC, msbasic.asm:3088
SAVSTP                          = $27BE ; addr, local, , msbasic_asm, CODE_BASIC, msbasic.asm:1171
SAVSTR                          = $30EA ; addr, local, , msbasic_asm, CODE_BASIC, msbasic.asm:2515
SBSCPT                          = $2F2A ; addr, local, , msbasic_asm, CODE_BASIC, msbasic.asm:2236
SCALE                           = $34D8 ; addr, local, , msbasic_asm, CODE_BASIC, msbasic.asm:3165
SCALLP                          = $34DA ; addr, local, , msbasic_asm, CODE_BASIC, msbasic.asm:3166
SCALMI                          = $379F ; addr, local, , msbasic_asm, CODE_BASIC, msbasic.asm:3633
SCALPL                          = $37B5 ; addr, local, , msbasic_asm, CODE_BASIC, msbasic.asm:3647
SCNEND                          = $3221 ; addr, local, , msbasic_asm, CODE_BASIC, msbasic.asm:2705
SCPTLP                          = $2F30 ; addr, local, , msbasic_asm, CODE_BASIC, msbasic.asm:2240
SEARCH                          = $255B ; addr, local, , msbasic_asm, CODE_BASIC, msbasic.asm:823
SETIO                           = $33C5 ; addr, local, , msbasic_asm, CODE_BASIC, msbasic.asm:2980
SETLIN                          = $271D ; addr, local, , msbasic_asm, CODE_BASIC, msbasic.asm:1084
SETLIT                          = $25A5 ; addr, local, , msbasic_asm, CODE_BASIC, msbasic.asm:873
SETPTR                          = $2482 ; addr, local, , msbasic_asm, CODE_BASIC, msbasic.asm:694
SETTOP                          = $206C ; addr, local, , msbasic_asm, CODE_BASIC, msbasic.asm:189
SFTPRG                          = $244C ; addr, local, , msbasic_asm, CODE_BASIC, msbasic.asm:657
SGN                             = $3668 ; addr, local, , msbasic_asm, CODE_BASIC, msbasic.asm:3419
SGNEXP                          = $2DB0 ; addr, local, , msbasic_asm, CODE_BASIC, msbasic.asm:2000
SHRITE                          = $34E7 ; addr, local, , msbasic_asm, CODE_BASIC, msbasic.asm:3174
SHRLP                           = $34EA ; addr, local, , msbasic_asm, CODE_BASIC, msbasic.asm:3176
SHRT1                           = $34EE ; addr, local, , msbasic_asm, CODE_BASIC, msbasic.asm:3180
SIGNON                          = $20BC ; addr, local, , msbasic_asm, CODE_BASIC, msbasic.asm:222
SIGNS                           = $36BF ; addr, local, , msbasic_asm, CODE_BASIC, msbasic.asm:3479
SIN1                            = $3A7C ; addr, local, , msbasic_asm, CODE_BASIC, msbasic.asm:4035
SIN                             = $3A4C ; addr, local, , msbasic_asm, CODE_BASIC, msbasic.asm:4015
SINTAB                          = $3A98 ; addr, local, , msbasic_asm, CODE_BASIC, msbasic.asm:4048
SIXDIG                          = $381B ; addr, local, , msbasic_asm, CODE_BASIC, msbasic.asm:3711
SMPVAR                          = $31B5 ; addr, local, , msbasic_asm, CODE_BASIC, msbasic.asm:2633
SMSER1                          = $39B0 ; addr, local, , msbasic_asm, CODE_BASIC, msbasic.asm:3927
SNERR                           = $23B3 ; addr, local, , msbasic_asm, CODE_BASIC, msbasic.asm:580
SPCFST                          = $380C ; addr, local, , msbasic_asm, CODE_BASIC, msbasic.asm:3703
SPCLP                           = $2B01 ; addr, local, , msbasic_asm, CODE_BASIC, msbasic.asm:1643
SQR                             = $38F2 ; addr, local, , msbasic_asm, CODE_BASIC, msbasic.asm:3839
SRCHLN                          = $249F ; addr, local, , msbasic_asm, CODE_BASIC, msbasic.asm:716
SRCHLP                          = $24A2 ; addr, local, , msbasic_asm, CODE_BASIC, msbasic.asm:717
SSTSA                           = $327D ; addr, local, , msbasic_asm, CODE_BASIC, msbasic.asm:2765
STAKFP                          = $368A ; addr, local, , msbasic_asm, CODE_BASIC, msbasic.asm:3439
STALL                           = $2841 ; addr, local, , msbasic_asm, CODE_BASIC, msbasic.asm:1258
STARTB                          = $2006 ; addr, local, , msbasic_asm, CODE_BASIC, msbasic.asm:129
STKTHS                          = $2CE9 ; addr, local, , msbasic_asm, CODE_BASIC, msbasic.asm:1895
STOP                            = $2852 ; addr, local, , msbasic_asm, CODE_BASIC, msbasic.asm:1269
STORED                          = $291E ; addr, local, , msbasic_asm, CODE_BASIC, msbasic.asm:1384
STPOOL                          = $31F8 ; addr, local, , msbasic_asm, CODE_BASIC, msbasic.asm:2670
STR1                            = $30E0 ; addr, local, , msbasic_asm, CODE_BASIC, msbasic.asm:2510
STR                             = $30DA ; addr, local, , msbasic_asm, CODE_BASIC, msbasic.asm:2508
STRADD                          = $31FB ; addr, local, , msbasic_asm, CODE_BASIC, msbasic.asm:2672
STRENT                          = $2BB9 ; addr, local, , msbasic_asm, CODE_BASIC, msbasic.asm:1732
STTLIN                          = $2AA5 ; addr, local, , msbasic_asm, CODE_BASIC, msbasic.asm:1594
SUBCDE                          = $3410 ; addr, local, , msbasic_asm, CODE_BASIC, msbasic.asm:3020
SUBPHL                          = $340A ; addr, local, , msbasic_asm, CODE_BASIC, msbasic.asm:3016
SUMLP                           = $39B9 ; addr, local, , msbasic_asm, CODE_BASIC, msbasic.asm:3932
SUMSER                          = $39A1 ; addr, local, , msbasic_asm, CODE_BASIC, msbasic.asm:3920
SUPTLZ                          = $389A ; addr, local, , msbasic_asm, CODE_BASIC, msbasic.asm:3788
SVNAM2                          = $2E89 ; addr, local, , msbasic_asm, CODE_BASIC, msbasic.asm:2145
SVSTAD                          = $3108 ; addr, local, , msbasic_asm, CODE_BASIC, msbasic.asm:2536
TAN                             = $3AAD ; addr, local, , msbasic_asm, CODE_BASIC, msbasic.asm:4055
TESTOS                          = $3187 ; addr, local, , msbasic_asm, CODE_BASIC, msbasic.asm:2612
TESTR                           = $3169 ; addr, local, , msbasic_asm, CODE_BASIC, msbasic.asm:2592
TMERR                           = $23C5 ; addr, local, , msbasic_asm, CODE_BASIC, msbasic.asm:592
TOPOOL                          = $32EE ; addr, local, , msbasic_asm, CODE_BASIC, msbasic.asm:2842
TOSTRA                          = $3286 ; addr, local, , msbasic_asm, CODE_BASIC, msbasic.asm:2774
TRYAGN                          = $3875 ; addr, local, , msbasic_asm, CODE_BASIC, msbasic.asm:3761
TSALP                           = $3287 ; addr, local, , msbasic_asm, CODE_BASIC, msbasic.asm:2775
TSTBIT                          = $3C68 ; addr, local, , msbasic_asm, CODE_BASIC, msbasic.asm:4333
TSTBRK                          = $2836 ; addr, local, , msbasic_asm, CODE_BASIC, msbasic.asm:1250
TSTMEM                          = $205A ; addr, local, , msbasic_asm, CODE_BASIC, msbasic.asm:177
TSTNUM                          = $2C7A ; addr, local, , msbasic_asm, CODE_BASIC, msbasic.asm:1830
TSTOPL                          = $3130 ; addr, local, , msbasic_asm, CODE_BASIC, msbasic.asm:2564
TSTRED                          = $2DE8 ; addr, local, , msbasic_asm, CODE_BASIC, msbasic.asm:2043
TSTREM                          = $25A8 ; addr, local, , msbasic_asm, CODE_BASIC, msbasic.asm:874
TSTSGN                          = $3659 ; addr, local, , msbasic_asm, CODE_BASIC, msbasic.asm:3407
TSTSTR                          = $2C7B ; addr, local, , msbasic_asm, CODE_BASIC, msbasic.asm:1831
TTYLIN                          = $25F8 ; addr, local, , msbasic_asm, CODE_BASIC, msbasic.asm:921
UFERR                           = $23BF ; addr, local, , msbasic_asm, CODE_BASIC, msbasic.asm:588
ULERR                           = $2977 ; addr, local, , msbasic_asm, CODE_BASIC, msbasic.asm:1434
UNITY                           = $34FC ; addr, local, , msbasic_asm, CODE_BASIC, msbasic.asm:3193
UPDATA                          = $2831 ; addr, local, , msbasic_asm, CODE_BASIC, msbasic.asm:1245
VAL1                            = $337A ; addr, local, , msbasic_asm, CODE_BASIC, msbasic.asm:2937
VAL2                            = $3384 ; addr, local, , msbasic_asm, CODE_BASIC, msbasic.asm:2941
VAL3                            = $3387 ; addr, local, , msbasic_asm, CODE_BASIC, msbasic.asm:2942
VAL                             = $335C ; addr, local, , msbasic_asm, CODE_BASIC, msbasic.asm:2917
WAIT                            = $33A7 ; addr, local, , msbasic_asm, CODE_BASIC, msbasic.asm:2964
WAITLP                          = $33BC ; addr, local, , msbasic_asm, CODE_BASIC, msbasic.asm:2974
WARM                            = $2003 ; addr, local, , msbasic_asm, CODE_BASIC, msbasic.asm:126
WARMST                          = $20A4 ; addr, local, , msbasic_asm, CODE_BASIC, msbasic.asm:216
WIDTH                           = $3B17 ; addr, local, , msbasic_asm, CODE_BASIC, msbasic.asm:4102
WORDS                           = $213C ; addr, local, , msbasic_asm, CODE_BASIC, msbasic.asm:261
WORDTB                          = $225B ; addr, local, , msbasic_asm, CODE_BASIC, msbasic.asm:350
ZERARY                          = $2FCB ; addr, local, , msbasic_asm, CODE_BASIC, msbasic.asm:2339
ZEROLP                          = $2F0E ; addr, local, , msbasic_asm, CODE_BASIC, msbasic.asm:2217
ZEROSUP                         = $3BF7 ; addr, local, , msbasic_asm, CODE_BASIC, msbasic.asm:4249
ZONELP                          = $2ADC ; addr, local, , msbasic_asm, CODE_BASIC, msbasic.asm:1622
__ACIA_BUFFER_END_head          = $8088 ; const, public, def, , ,
__ACIA_BUFFER_END_size          = $0000 ; const, public, def, , ,
__ACIA_BUFFER_END_tail          = $8088 ; const, public, def, , ,
__ACIA_BUFFER_head              = $8000 ; const, public, def, , ,
__ACIA_BUFFER_size              = $0088 ; const, public, def, , ,
__ACIA_BUFFER_tail              = $8088 ; const, public, def, , ,
__BSS_END_head                  = $8143 ; const, public, def, , ,
__BSS_END_size                  = $0000 ; const, public, def, , ,
__BSS_END_tail                  = $8143 ; const, public, def, , ,
__BSS_head                      = $8088 ; const, public, def, , ,
__BSS_size                      = $00BB ; const, public, def, , ,
__BSS_tail                      = $8143 ; const, public, def, , ,
__CODE_BASIC_head               = $2000 ; const, public, def, , ,
__CODE_BASIC_size               = $1C75 ; const, public, def, , ,
__CODE_BASIC_tail               = $3C75 ; const, public, def, , ,
__CODE_END_head                 = $3C75 ; const, public, def, , ,
__CODE_END_size                 = $0000 ; const, public, def, , ,
__CODE_END_tail                 = $3C75 ; const, public, def, , ,
__CODE_LOMEM_head               = $0000 ; const, public, def, , ,
__CODE_LOMEM_size               = $0040 ; const, public, def, , ,
__CODE_LOMEM_tail               = $0040 ; const, public, def, , ,
__CODE_USER_head                = $01C0 ; const, public, def, , ,
__CODE_USER_size                = $0855 ; const, public, def, , ,
__CODE_USER_tail                = $0A15 ; const, public, def, , ,
__CODE_head                     = $0000 ; const, public, def, , ,
__CODE_size                     = $0000 ; const, public, def, , ,
__CODE_tail                     = $0000 ; const, public, def, , ,
__DATA_END_head                 = $8088 ; const, public, def, , ,
__DATA_END_size                 = $0000 ; const, public, def, , ,
__DATA_END_tail                 = $8088 ; const, public, def, , ,
__DATA_head                     = $8088 ; const, public, def, , ,
__DATA_size                     = $0000 ; const, public, def, , ,
__DATA_tail                     = $8088 ; const, public, def, , ,
__RODATA_END_head               = $01B5 ; const, public, def, , ,
__RODATA_END_size               = $000B ; const, public, def, , ,
__RODATA_END_tail               = $01C0 ; const, public, def, , ,
__RODATA_head                   = $0040 ; const, public, def, , ,
__RODATA_size                   = $0175 ; const, public, def, , ,
__RODATA_tail                   = $01B5 ; const, public, def, , ,
__head                          = $0000 ; const, public, def, , ,
__size                          = $8143 ; const, public, def, , ,
__tail                          = $8143 ; const, public, def, , ,
acia_getc                       = $02D8 ; addr, public, , acia_asm, CODE_USER, acia.asm:195
acia_getc_10                    = $02EC ; addr, local, , acia_asm, CODE_USER, acia.asm:211
acia_getc_20                    = $030B ; addr, local, , acia_asm, CODE_USER, acia.asm:233
acia_getc_30                    = $031E ; addr, local, , acia_asm, CODE_USER, acia.asm:242
acia_getcnb                     = $0321 ; addr, public, , acia_asm, CODE_USER, acia.asm:257
acia_init                       = $0255 ; addr, public, , acia_asm, CODE_USER, acia.asm:69
acia_ioctl                      = $0273 ; addr, public, , acia_asm, CODE_USER, acia.asm:95
acia_ioctl_10                   = $028C ; addr, local, , acia_asm, CODE_USER, acia.asm:118
acia_isr                        = $0329 ; addr, public, , acia_asm, CODE_USER, acia.asm:268
acia_isr_10                     = $0357 ; addr, local, , acia_asm, CODE_USER, acia.asm:306
acia_isr_20                     = $036D ; addr, local, , acia_asm, CODE_USER, acia.asm:323
acia_isr_30                     = $038C ; addr, local, , acia_asm, CODE_USER, acia.asm:344
acia_isr_80                     = $03A2 ; addr, local, , acia_asm, CODE_USER, acia.asm:355
acia_isr_90                     = $03A9 ; addr, local, , acia_asm, CODE_USER, acia.asm:359
acia_putc                       = $0293 ; addr, public, , acia_asm, CODE_USER, acia.asm:136
acia_putc_10                    = $0294 ; addr, local, , acia_asm, CODE_USER, acia.asm:138
acia_putc_20                    = $02AA ; addr, local, , acia_asm, CODE_USER, acia.asm:153
acia_putc_30                    = $02BE ; addr, local, , acia_asm, CODE_USER, acia.asm:168
acia_putc_50                    = $02C9 ; addr, local, , acia_asm, CODE_USER, acia.asm:175
atou16                          = $040E ; addr, public, , convert_asm, CODE_USER, convert.asm:31
atou16_10                       = $0412 ; addr, local, , convert_asm, CODE_USER, convert.asm:34
atou16_20                       = $041C ; addr, local, , convert_asm, CODE_USER, convert.asm:41
btou16                          = $0458 ; addr, public, , convert_asm, CODE_USER, convert.asm:140
btou16_10                       = $045B ; addr, local, , convert_asm, CODE_USER, convert.asm:142
buf_p                           = $80A9 ; addr, local, , monitor_asm, BSS, monitor.asm:962
cmd_fill                        = $05E0 ; addr, local, , monitor_asm, CODE_USER, monitor.asm:95
cmd_fill_length                 = $060C ; addr, local, , monitor_asm, CODE_USER, monitor.asm:126
cmd_fill_mem                    = $0616 ; addr, local, , monitor_asm, CODE_USER, monitor.asm:136
cmd_fill_mem_10                 = $0624 ; addr, local, , monitor_asm, CODE_USER, monitor.asm:144
cmd_fill_one                    = $05FB ; addr, local, , monitor_asm, CODE_USER, monitor.asm:109
cmd_fill_range                  = $0600 ; addr, local, , monitor_asm, CODE_USER, monitor.asm:115
cmd_in                          = $063D ; addr, local, , monitor_asm, CODE_USER, monitor.asm:164
cmd_jump                        = $0667 ; addr, local, , monitor_asm, CODE_USER, monitor.asm:183
cmd_jump_10                     = $0685 ; addr, local, , monitor_asm, CODE_USER, monitor.asm:202
cmd_load                        = $0686 ; addr, local, , monitor_asm, CODE_USER, monitor.asm:205
cmd_load_bad_checksum           = $06E2 ; addr, local, , monitor_asm, CODE_USER, monitor.asm:265
cmd_load_bad_hex                = $071A ; addr, local, , monitor_asm, CODE_USER, monitor.asm:305
cmd_load_bad_type               = $06E8 ; addr, local, , monitor_asm, CODE_USER, monitor.asm:269
cmd_load_data_10                = $06CA ; addr, local, , monitor_asm, CODE_USER, monitor.asm:247
cmd_load_data_rec               = $06C6 ; addr, local, , monitor_asm, CODE_USER, monitor.asm:243
cmd_load_eof_rec                = $06DA ; addr, local, , monitor_asm, CODE_USER, monitor.asm:259
cmd_load_find_rec               = $06A3 ; addr, local, , monitor_asm, CODE_USER, monitor.asm:221
cmd_load_next                   = $068C ; addr, local, , monitor_asm, CODE_USER, monitor.asm:208
cmd_load_read_byte              = $06EE ; addr, local, , monitor_asm, CODE_USER, monitor.asm:273
cmd_load_read_hex               = $0705 ; addr, local, , monitor_asm, CODE_USER, monitor.asm:290
cmd_load_rec_done               = $06D1 ; addr, local, , monitor_asm, CODE_USER, monitor.asm:252
cmd_out                         = $0722 ; addr, local, , monitor_asm, CODE_USER, monitor.asm:312
cmd_peek                        = $0735 ; addr, local, , monitor_asm, CODE_USER, monitor.asm:322
cmd_peek_dump                   = $076B ; addr, local, , monitor_asm, CODE_USER, monitor.asm:363
cmd_peek_dump_10                = $077C ; addr, local, , monitor_asm, CODE_USER, monitor.asm:376
cmd_peek_dump_20                = $078D ; addr, local, , monitor_asm, CODE_USER, monitor.asm:386
cmd_peek_dump_asc               = $07DC ; addr, local, , monitor_asm, CODE_USER, monitor.asm:441
cmd_peek_dump_asc_10            = $07E1 ; addr, local, , monitor_asm, CODE_USER, monitor.asm:446
cmd_peek_dump_asc_20            = $07EC ; addr, local, , monitor_asm, CODE_USER, monitor.asm:453
cmd_peek_dump_asc_30            = $07FC ; addr, local, , monitor_asm, CODE_USER, monitor.asm:466
cmd_peek_dump_asc_40            = $0807 ; addr, local, , monitor_asm, CODE_USER, monitor.asm:473
cmd_peek_dump_hex               = $07A9 ; addr, local, , monitor_asm, CODE_USER, monitor.asm:402
cmd_peek_dump_hex_10            = $07AE ; addr, local, , monitor_asm, CODE_USER, monitor.asm:407
cmd_peek_dump_hex_20            = $07B9 ; addr, local, , monitor_asm, CODE_USER, monitor.asm:414
cmd_peek_dump_hex_30            = $07C9 ; addr, local, , monitor_asm, CODE_USER, monitor.asm:427
cmd_peek_dump_hex_40            = $07D4 ; addr, local, , monitor_asm, CODE_USER, monitor.asm:434
cmd_peek_length                 = $0761 ; addr, local, , monitor_asm, CODE_USER, monitor.asm:353
cmd_peek_one                    = $0750 ; addr, local, , monitor_asm, CODE_USER, monitor.asm:336
cmd_peek_range                  = $0755 ; addr, local, , monitor_asm, CODE_USER, monitor.asm:342
cmd_peek_show_addr              = $0811 ; addr, local, , monitor_asm, CODE_USER, monitor.asm:481
cmd_peek_show_asc               = $0845 ; addr, local, , monitor_asm, CODE_USER, monitor.asm:514
cmd_peek_show_asc_10            = $084E ; addr, local, , monitor_asm, CODE_USER, monitor.asm:520
cmd_peek_show_asc_20            = $0850 ; addr, local, , monitor_asm, CODE_USER, monitor.asm:522
cmd_peek_show_hex               = $0831 ; addr, local, , monitor_asm, CODE_USER, monitor.asm:501
cmd_peek_skip_hex               = $0825 ; addr, local, , monitor_asm, CODE_USER, monitor.asm:494
cmd_poke                        = $0855 ; addr, local, , monitor_asm, CODE_USER, monitor.asm:527
cmd_poke_10                     = $0862 ; addr, local, , monitor_asm, CODE_USER, monitor.asm:534
cmd_poke_20                     = $0869 ; addr, local, , monitor_asm, CODE_USER, monitor.asm:539
cmd_poke_mode                   = $0879 ; addr, local, , monitor_asm, CODE_USER, monitor.asm:547
cmd_poke_mode_10                = $0896 ; addr, local, , monitor_asm, CODE_USER, monitor.asm:560
cmd_poke_store                  = $08A5 ; addr, local, , monitor_asm, CODE_USER, monitor.asm:569
cmd_radix                       = $08AF ; addr, local, , monitor_asm, CODE_USER, monitor.asm:577
cmd_radix_err                   = $08C5 ; addr, local, , monitor_asm, CODE_USER, monitor.asm:588
cmd_run                         = $08CB ; addr, local, , monitor_asm, CODE_USER, monitor.asm:593
cmd_run_basic                   = $08E8 ; addr, local, , monitor_asm, CODE_USER, monitor.asm:610
cmd_run_err                     = $08E2 ; addr, local, , monitor_asm, CODE_USER, monitor.asm:605
commands                        = $0040 ; addr, local, , monitor_asm, RODATA, monitor.asm:920
convert_arg                     = $0917 ; addr, local, , monitor_asm, CODE_USER, monitor.asm:661
convert_arg_10                  = $091C ; addr, local, , monitor_asm, CODE_USER, monitor.asm:666
convert_arg_20                  = $093B ; addr, local, , monitor_asm, CODE_USER, monitor.asm:682
convert_bad_arg                 = $0981 ; addr, local, , monitor_asm, CODE_USER, monitor.asm:739
convert_demo                    = $01EC ; addr, local, , init_asm, CODE_USER, init.asm:51
convert_demo_10                 = $01EF ; addr, local, , init_asm, CODE_USER, init.asm:53
convert_no_arg                  = $097C ; addr, local, , monitor_asm, CODE_USER, monitor.asm:734
convert_radix_10                = $0968 ; addr, local, , monitor_asm, CODE_USER, monitor.asm:716
convert_radix_16                = $0972 ; addr, local, , monitor_asm, CODE_USER, monitor.asm:725
convert_radix_2                 = $0954 ; addr, local, , monitor_asm, CODE_USER, monitor.asm:698
convert_radix_8                 = $095E ; addr, local, , monitor_asm, CODE_USER, monitor.asm:707
delay                           = $01DA ; addr, local, , init_asm, CODE_USER, init.asm:35
delay_10                        = $01DE ; addr, local, , init_asm, CODE_USER, init.asm:39
delay_20                        = $01E1 ; addr, local, , init_asm, CODE_USER, init.asm:41
e_to_bin                        = $0561 ; addr, local, , convert_asm, CODE_USER, convert.asm:484
e_to_bin_10                     = $0563 ; addr, local, , convert_asm, CODE_USER, convert.asm:486
e_to_bin_20                     = $056A ; addr, local, , convert_asm, CODE_USER, convert.asm:491
e_to_hex                        = $04C8 ; addr, local, , convert_asm, CODE_USER, convert.asm:287
e_to_hex_10                     = $04D5 ; addr, local, , convert_asm, CODE_USER, convert.asm:298
e_to_hex_20                     = $04E2 ; addr, local, , convert_asm, CODE_USER, convert.asm:308
err_bad_arg                     = $00DF ; addr, local, , monitor_asm, RODATA, monitor.asm:949
err_bad_cksum                   = $013D ; addr, local, , monitor_asm, RODATA, monitor.asm:954
err_bad_hex                     = $014A ; addr, local, , monitor_asm, RODATA, monitor.asm:955
err_bad_type                    = $0134 ; addr, local, , monitor_asm, RODATA, monitor.asm:953
err_fill                        = $00F0 ; addr, local, , monitor_asm, RODATA, monitor.asm:950
err_invalid                     = $00B4 ; addr, local, , monitor_asm, RODATA, monitor.asm:946
err_mode                        = $0119 ; addr, local, , monitor_asm, RODATA, monitor.asm:952
err_no_arg                      = $00CD ; addr, local, , monitor_asm, RODATA, monitor.asm:948
err_radix                       = $00BA ; addr, local, , monitor_asm, RODATA, monitor.asm:947
err_run                         = $0103 ; addr, local, , monitor_asm, RODATA, monitor.asm:951
gets                            = $03BD ; addr, public, , stdio_asm, CODE_USER, stdio.asm:53
gets_10                         = $03C0 ; addr, local, , stdio_asm, CODE_USER, stdio.asm:59
gets_20                         = $03C4 ; addr, local, , stdio_asm, CODE_USER, stdio.asm:62
gets_30                         = $03EE ; addr, local, , stdio_asm, CODE_USER, stdio.asm:81
gets_90                         = $03F2 ; addr, local, , stdio_asm, CODE_USER, stdio.asm:89
gpio_out                        = $8088 ; addr, public, , init_asm, BSS, init.asm:101
htou16                          = $042A ; addr, public, , convert_asm, CODE_USER, convert.asm:78
htou16_10                       = $042D ; addr, local, , convert_asm, CODE_USER, convert.asm:80
htou16_20                       = $043E ; addr, local, , convert_asm, CODE_USER, convert.asm:91
init                            = $01C0 ; addr, public, , init_asm, CODE_USER, init.asm:15
init_10                         = $01D4 ; addr, local, , init_asm, CODE_USER, init.asm:29
io_buf                          = $80B3 ; addr, local, , monitor_asm, BSS, monitor.asm:968
io_flags                        = $8087 ; addr, local, , acia_asm, ACIA_BUFFER, acia.asm:372
load_buffer                     = $80B2 ; addr, local, , monitor_asm, BSS, monitor.asm:967
load_prompt                     = $019D ; addr, local, , monitor_asm, RODATA, monitor.asm:959
match_token                     = $09AC ; addr, local, , monitor_asm, CODE_USER, monitor.asm:817
match_token_10                  = $09AE ; addr, local, , monitor_asm, CODE_USER, monitor.asm:820
match_token_15                  = $09B4 ; addr, local, , monitor_asm, CODE_USER, monitor.asm:826
match_token_20                  = $09B8 ; addr, local, , monitor_asm, CODE_USER, monitor.asm:831
match_token_30                  = $09C8 ; addr, local, , monitor_asm, CODE_USER, monitor.asm:844
match_token_40                  = $09CF ; addr, local, , monitor_asm, CODE_USER, monitor.asm:851
match_token_50                  = $09D5 ; addr, local, , monitor_asm, CODE_USER, monitor.asm:857
match_token_60                  = $09DD ; addr, local, , monitor_asm, CODE_USER, monitor.asm:864
mem_p                           = $80AD ; addr, local, , monitor_asm, BSS, monitor.asm:964
mode_err                        = $0901 ; addr, local, , monitor_asm, CODE_USER, monitor.asm:623
modes                           = $00A5 ; addr, local, , monitor_asm, RODATA, monitor.asm:942
monitor                         = $056F ; addr, public, , monitor_asm, CODE_USER, monitor.asm:39
monitor_err                     = $05D6 ; addr, local, , monitor_asm, CODE_USER, monitor.asm:89
monitor_next                    = $058C ; addr, local, , monitor_asm, CODE_USER, monitor.asm:56
monitor_return                  = $058C ; addr, local, , monitor_asm, CODE_USER, monitor.asm:54
next_token                      = $0986 ; addr, local, , monitor_asm, CODE_USER, monitor.asm:763
next_token_10                   = $0989 ; addr, local, , monitor_asm, CODE_USER, monitor.asm:766
next_token_20                   = $0994 ; addr, local, , monitor_asm, CODE_USER, monitor.asm:776
next_token_30                   = $0998 ; addr, local, , monitor_asm, CODE_USER, monitor.asm:780
next_token_40                   = $09A0 ; addr, local, , monitor_asm, CODE_USER, monitor.asm:788
next_token_90                   = $09A6 ; addr, local, , monitor_asm, CODE_USER, monitor.asm:796
out_buffer                      = $8089 ; addr, local, , init_asm, BSS, init.asm:102
peek_buf                        = $8133 ; addr, local, , monitor_asm, BSS, monitor.asm:969
peek_p                          = $80AB ; addr, local, , monitor_asm, BSS, monitor.asm:963
puts                            = $03AE ; addr, public, , stdio_asm, CODE_USER, stdio.asm:22
puts_10                         = $03AF ; addr, local, , stdio_asm, CODE_USER, stdio.asm:24
puts_20                         = $03BB ; addr, local, , stdio_asm, CODE_USER, stdio.asm:32
qtou16                          = $0447 ; addr, public, , convert_asm, CODE_USER, convert.asm:112
qtou16_10                       = $044A ; addr, local, , convert_asm, CODE_USER, convert.asm:114
radix                           = $80B1 ; addr, local, , monitor_asm, BSS, monitor.asm:966
radixes                         = $0083 ; addr, local, , monitor_asm, RODATA, monitor.asm:933
read_line                       = $09E0 ; addr, local, , monitor_asm, CODE_USER, monitor.asm:880
require_arg_err                 = $0913 ; addr, local, , monitor_asm, CODE_USER, monitor.asm:634
rst_0                           = $0000 ; addr, local, , lomem_asm, CODE_LOMEM, lomem.asm:7
rst_10                          = $0009 ; addr, local, , lomem_asm, CODE_LOMEM, lomem.asm:12
rst_18                          = $0011 ; addr, local, , lomem_asm, CODE_LOMEM, lomem.asm:15
rst_20                          = $0019 ; addr, local, , lomem_asm, CODE_LOMEM, lomem.asm:18
rst_28                          = $0021 ; addr, local, , lomem_asm, CODE_LOMEM, lomem.asm:21
rst_30                          = $0029 ; addr, local, , lomem_asm, CODE_LOMEM, lomem.asm:24
rst_38                          = $0031 ; addr, local, , lomem_asm, CODE_LOMEM, lomem.asm:27
rst_8                           = $0003 ; addr, local, , lomem_asm, CODE_LOMEM, lomem.asm:9
run_basic_cold                  = $2000 ; addr, public, , msbasic_asm, CODE_BASIC, msbasic.asm:122
run_basic_warm                  = $2003 ; addr, public, , msbasic_asm, CODE_BASIC, msbasic.asm:125
runnables                       = $009C ; addr, local, , monitor_asm, RODATA, monitor.asm:939
rx_buffer                       = $8000 ; addr, local, , acia_asm, ACIA_BUFFER, acia.asm:366
rx_drops                        = $8085 ; addr, local, , acia_asm, ACIA_BUFFER, acia.asm:370
rx_head                         = $8080 ; addr, local, , acia_asm, ACIA_BUFFER, acia.asm:367
rx_length                       = $8084 ; addr, local, , acia_asm, ACIA_BUFFER, acia.asm:369
rx_tail                         = $8082 ; addr, local, , acia_asm, ACIA_BUFFER, acia.asm:368
show_prompt                     = $09F3 ; addr, local, , monitor_asm, CODE_USER, monitor.asm:898
title                           = $015B ; addr, local, , monitor_asm, RODATA, monitor.asm:957
tok_p                           = $80AF ; addr, local, , monitor_asm, BSS, monitor.asm:965
tx_last                         = $8086 ; addr, local, , acia_asm, ACIA_BUFFER, acia.asm:371
u16toa                          = $0467 ; addr, public, , convert_asm, CODE_USER, convert.asm:168
u16toa_10                       = $0470 ; addr, local, , convert_asm, CODE_USER, convert.asm:176
u16toa_20                       = $047B ; addr, local, , convert_asm, CODE_USER, convert.asm:185
u16toa_30                       = $0486 ; addr, local, , convert_asm, CODE_USER, convert.asm:194
u16toa_40                       = $048F ; addr, local, , convert_asm, CODE_USER, convert.asm:203
u16toa_50                       = $04A2 ; addr, local, , convert_asm, CODE_USER, convert.asm:218
u16toa_60                       = $04AB ; addr, local, , convert_asm, CODE_USER, convert.asm:227
u16tob                          = $0544 ; addr, public, , convert_asm, CODE_USER, convert.asm:437
u16toh                          = $04AF ; addr, public, , convert_asm, CODE_USER, convert.asm:244
u16toq                          = $04E7 ; addr, public, , convert_asm, CODE_USER, convert.asm:325
u8tob                           = $0557 ; addr, public, , convert_asm, CODE_USER, convert.asm:464
u8toh                           = $04C0 ; addr, public, , convert_asm, CODE_USER, convert.asm:269
u8toq                           = $0525 ; addr, public, , convert_asm, CODE_USER, convert.asm:396
validate_arg                    = $0907 ; addr, local, , monitor_asm, CODE_USER, monitor.asm:627
